// Jest Snapshot v1, https://goo.gl/fbAQLP

exports[`<LoginForm/> should render as expected 1`] = `
<div>
  <styled.form
    onChange={[MockFunction]}
  >
    <styled.h2>
      Sign Up 
      <span>
        Survivor!
      </span>
    </styled.h2>
    <styled.div>
      <label
        htmlFor="name"
      >
        Name
      </label>
      <_default
        id="name"
        name="name"
        required={true}
        type="text"
      />
    </styled.div>
    <styled.div>
      <div>
        <label
          htmlFor="age"
        >
          Age
        </label>
        <_default
          id="age"
          name="age"
          required={true}
          type="text"
        />
      </div>
      <div>
        <label
          htmlFor="gender"
        >
          Gender
        </label>
        <select
          id="gender"
          name="gender"
          required={true}
        >
          <option
            defaultChecked={true}
            value=""
          >
            Select...
          </option>
          <option
            value="M"
          >
            Male
          </option>
          <option
            value="F"
          >
            Female
          </option>
        </select>
      </div>
    </styled.div>
  </styled.form>
  <styled.div
    onChange={[MockFunction]}
  >
    <span>
      Register belongings
    </span>
    <_default
      borderColor="rgba(48, 48, 48, 0.35)"
      borderTop={true}
    />
  </styled.div>
  <styled.div>
    <styled.button
      onClick={[MockFunction]}
      oulined={true}
      type="submit"
    >
      <span>
        FINISH
      </span>
    </styled.button>
  </styled.div>
</div>
`;

exports[`<SignUpForm/> should render as expected 1`] = `
<div>
  <styled.form
    onChange={[MockFunction]}
  >
    <styled.h2>
      Sign Up 
      <span>
        Survivor!
      </span>
    </styled.h2>
    <styled.div>
      <label
        htmlFor="name"
      >
        Name
      </label>
      <_default
        id="name"
        name="name"
        required={true}
        type="text"
      />
    </styled.div>
    <styled.div>
      <div>
        <label
          htmlFor="age"
        >
          Age
        </label>
        <_default
          id="age"
          name="age"
          required={true}
          type="text"
        />
      </div>
      <div>
        <label
          htmlFor="gender"
        >
          Gender
        </label>
        <select
          id="gender"
          name="gender"
          required={true}
        >
          <option
            defaultChecked={true}
            value=""
          >
            Select...
          </option>
          <option
            value="M"
          >
            Male
          </option>
          <option
            value="F"
          >
            Female
          </option>
        </select>
      </div>
    </styled.div>
  </styled.form>
  <styled.div
    onChange={[MockFunction]}
  >
    <span>
      Register belongings
    </span>
    <_default
      borderColor="rgba(48, 48, 48, 0.35)"
      borderTop={true}
    />
  </styled.div>
  <styled.div>
    <styled.button
      onClick={[MockFunction]}
      oulined={true}
      type="submit"
    >
      <span>
        FINISH
      </span>
    </styled.button>
  </styled.div>
</div>
`;
